                                      1 ;--------------------------------------------------------
                                      2 ; File Created by SDCC : free open source ANSI-C Compiler
                                      3 ; Version 4.2.0 #13081 (Linux)
                                      4 ;--------------------------------------------------------
                                      5 	.module serial
                                      6 	.optsdcc -mmcs51 --model-small
                                      7 	
                                      8 ;--------------------------------------------------------
                                      9 ; Public variables in this module
                                     10 ;--------------------------------------------------------
                                     11 	.globl _main
                                     12 	.globl _CY
                                     13 	.globl _AC
                                     14 	.globl _F0
                                     15 	.globl _RS1
                                     16 	.globl _RS0
                                     17 	.globl _OV
                                     18 	.globl _F1
                                     19 	.globl _P
                                     20 	.globl _PS
                                     21 	.globl _PT1
                                     22 	.globl _PX1
                                     23 	.globl _PT0
                                     24 	.globl _PX0
                                     25 	.globl _RD
                                     26 	.globl _WR
                                     27 	.globl _T1
                                     28 	.globl _T0
                                     29 	.globl _INT1
                                     30 	.globl _INT0
                                     31 	.globl _TXD
                                     32 	.globl _RXD
                                     33 	.globl _P3_7
                                     34 	.globl _P3_6
                                     35 	.globl _P3_5
                                     36 	.globl _P3_4
                                     37 	.globl _P3_3
                                     38 	.globl _P3_2
                                     39 	.globl _P3_1
                                     40 	.globl _P3_0
                                     41 	.globl _EA
                                     42 	.globl _ES
                                     43 	.globl _ET1
                                     44 	.globl _EX1
                                     45 	.globl _ET0
                                     46 	.globl _EX0
                                     47 	.globl _P2_7
                                     48 	.globl _P2_6
                                     49 	.globl _P2_5
                                     50 	.globl _P2_4
                                     51 	.globl _P2_3
                                     52 	.globl _P2_2
                                     53 	.globl _P2_1
                                     54 	.globl _P2_0
                                     55 	.globl _SM0
                                     56 	.globl _SM1
                                     57 	.globl _SM2
                                     58 	.globl _REN
                                     59 	.globl _TB8
                                     60 	.globl _RB8
                                     61 	.globl _TI
                                     62 	.globl _RI
                                     63 	.globl _P1_7
                                     64 	.globl _P1_6
                                     65 	.globl _P1_5
                                     66 	.globl _P1_4
                                     67 	.globl _P1_3
                                     68 	.globl _P1_2
                                     69 	.globl _P1_1
                                     70 	.globl _P1_0
                                     71 	.globl _TF1
                                     72 	.globl _TR1
                                     73 	.globl _TF0
                                     74 	.globl _TR0
                                     75 	.globl _IE1
                                     76 	.globl _IT1
                                     77 	.globl _IE0
                                     78 	.globl _IT0
                                     79 	.globl _P0_7
                                     80 	.globl _P0_6
                                     81 	.globl _P0_5
                                     82 	.globl _P0_4
                                     83 	.globl _P0_3
                                     84 	.globl _P0_2
                                     85 	.globl _P0_1
                                     86 	.globl _P0_0
                                     87 	.globl _B
                                     88 	.globl _ACC
                                     89 	.globl _PSW
                                     90 	.globl _IP
                                     91 	.globl _P3
                                     92 	.globl _IE
                                     93 	.globl _P2
                                     94 	.globl _SBUF
                                     95 	.globl _SCON
                                     96 	.globl _P1
                                     97 	.globl _TH1
                                     98 	.globl _TH0
                                     99 	.globl _TL1
                                    100 	.globl _TL0
                                    101 	.globl _TMOD
                                    102 	.globl _TCON
                                    103 	.globl _PCON
                                    104 	.globl _DPH
                                    105 	.globl _DPL
                                    106 	.globl _SP
                                    107 	.globl _P0
                                    108 	.globl _rece
                                    109 	.globl _serial_init
                                    110 	.globl _delay
                                    111 	.globl _UART_transmit
                                    112 	.globl _UART_receive
                                    113 ;--------------------------------------------------------
                                    114 ; special function registers
                                    115 ;--------------------------------------------------------
                                    116 	.area RSEG    (ABS,DATA)
      000000                        117 	.org 0x0000
                           000080   118 _P0	=	0x0080
                           000081   119 _SP	=	0x0081
                           000082   120 _DPL	=	0x0082
                           000083   121 _DPH	=	0x0083
                           000087   122 _PCON	=	0x0087
                           000088   123 _TCON	=	0x0088
                           000089   124 _TMOD	=	0x0089
                           00008A   125 _TL0	=	0x008a
                           00008B   126 _TL1	=	0x008b
                           00008C   127 _TH0	=	0x008c
                           00008D   128 _TH1	=	0x008d
                           000090   129 _P1	=	0x0090
                           000098   130 _SCON	=	0x0098
                           000099   131 _SBUF	=	0x0099
                           0000A0   132 _P2	=	0x00a0
                           0000A8   133 _IE	=	0x00a8
                           0000B0   134 _P3	=	0x00b0
                           0000B8   135 _IP	=	0x00b8
                           0000D0   136 _PSW	=	0x00d0
                           0000E0   137 _ACC	=	0x00e0
                           0000F0   138 _B	=	0x00f0
                                    139 ;--------------------------------------------------------
                                    140 ; special function bits
                                    141 ;--------------------------------------------------------
                                    142 	.area RSEG    (ABS,DATA)
      000000                        143 	.org 0x0000
                           000080   144 _P0_0	=	0x0080
                           000081   145 _P0_1	=	0x0081
                           000082   146 _P0_2	=	0x0082
                           000083   147 _P0_3	=	0x0083
                           000084   148 _P0_4	=	0x0084
                           000085   149 _P0_5	=	0x0085
                           000086   150 _P0_6	=	0x0086
                           000087   151 _P0_7	=	0x0087
                           000088   152 _IT0	=	0x0088
                           000089   153 _IE0	=	0x0089
                           00008A   154 _IT1	=	0x008a
                           00008B   155 _IE1	=	0x008b
                           00008C   156 _TR0	=	0x008c
                           00008D   157 _TF0	=	0x008d
                           00008E   158 _TR1	=	0x008e
                           00008F   159 _TF1	=	0x008f
                           000090   160 _P1_0	=	0x0090
                           000091   161 _P1_1	=	0x0091
                           000092   162 _P1_2	=	0x0092
                           000093   163 _P1_3	=	0x0093
                           000094   164 _P1_4	=	0x0094
                           000095   165 _P1_5	=	0x0095
                           000096   166 _P1_6	=	0x0096
                           000097   167 _P1_7	=	0x0097
                           000098   168 _RI	=	0x0098
                           000099   169 _TI	=	0x0099
                           00009A   170 _RB8	=	0x009a
                           00009B   171 _TB8	=	0x009b
                           00009C   172 _REN	=	0x009c
                           00009D   173 _SM2	=	0x009d
                           00009E   174 _SM1	=	0x009e
                           00009F   175 _SM0	=	0x009f
                           0000A0   176 _P2_0	=	0x00a0
                           0000A1   177 _P2_1	=	0x00a1
                           0000A2   178 _P2_2	=	0x00a2
                           0000A3   179 _P2_3	=	0x00a3
                           0000A4   180 _P2_4	=	0x00a4
                           0000A5   181 _P2_5	=	0x00a5
                           0000A6   182 _P2_6	=	0x00a6
                           0000A7   183 _P2_7	=	0x00a7
                           0000A8   184 _EX0	=	0x00a8
                           0000A9   185 _ET0	=	0x00a9
                           0000AA   186 _EX1	=	0x00aa
                           0000AB   187 _ET1	=	0x00ab
                           0000AC   188 _ES	=	0x00ac
                           0000AF   189 _EA	=	0x00af
                           0000B0   190 _P3_0	=	0x00b0
                           0000B1   191 _P3_1	=	0x00b1
                           0000B2   192 _P3_2	=	0x00b2
                           0000B3   193 _P3_3	=	0x00b3
                           0000B4   194 _P3_4	=	0x00b4
                           0000B5   195 _P3_5	=	0x00b5
                           0000B6   196 _P3_6	=	0x00b6
                           0000B7   197 _P3_7	=	0x00b7
                           0000B0   198 _RXD	=	0x00b0
                           0000B1   199 _TXD	=	0x00b1
                           0000B2   200 _INT0	=	0x00b2
                           0000B3   201 _INT1	=	0x00b3
                           0000B4   202 _T0	=	0x00b4
                           0000B5   203 _T1	=	0x00b5
                           0000B6   204 _WR	=	0x00b6
                           0000B7   205 _RD	=	0x00b7
                           0000B8   206 _PX0	=	0x00b8
                           0000B9   207 _PT0	=	0x00b9
                           0000BA   208 _PX1	=	0x00ba
                           0000BB   209 _PT1	=	0x00bb
                           0000BC   210 _PS	=	0x00bc
                           0000D0   211 _P	=	0x00d0
                           0000D1   212 _F1	=	0x00d1
                           0000D2   213 _OV	=	0x00d2
                           0000D3   214 _RS0	=	0x00d3
                           0000D4   215 _RS1	=	0x00d4
                           0000D5   216 _F0	=	0x00d5
                           0000D6   217 _AC	=	0x00d6
                           0000D7   218 _CY	=	0x00d7
                                    219 ;--------------------------------------------------------
                                    220 ; overlayable register banks
                                    221 ;--------------------------------------------------------
                                    222 	.area REG_BANK_0	(REL,OVR,DATA)
      000000                        223 	.ds 8
                                    224 ;--------------------------------------------------------
                                    225 ; internal ram data
                                    226 ;--------------------------------------------------------
                                    227 	.area DSEG    (DATA)
      000000                        228 _rece::
      000000                        229 	.ds 1
                                    230 ;--------------------------------------------------------
                                    231 ; overlayable items in internal ram
                                    232 ;--------------------------------------------------------
                                    233 	.area	OSEG    (OVR,DATA)
                                    234 	.area	OSEG    (OVR,DATA)
                                    235 ;--------------------------------------------------------
                                    236 ; Stack segment in internal ram
                                    237 ;--------------------------------------------------------
                                    238 	.area	SSEG
      000000                        239 __start__stack:
      000000                        240 	.ds	1
                                    241 
                                    242 ;--------------------------------------------------------
                                    243 ; indirectly addressable internal ram data
                                    244 ;--------------------------------------------------------
                                    245 	.area ISEG    (DATA)
                                    246 ;--------------------------------------------------------
                                    247 ; absolute internal ram data
                                    248 ;--------------------------------------------------------
                                    249 	.area IABS    (ABS,DATA)
                                    250 	.area IABS    (ABS,DATA)
                                    251 ;--------------------------------------------------------
                                    252 ; bit data
                                    253 ;--------------------------------------------------------
                                    254 	.area BSEG    (BIT)
                                    255 ;--------------------------------------------------------
                                    256 ; paged external ram data
                                    257 ;--------------------------------------------------------
                                    258 	.area PSEG    (PAG,XDATA)
                                    259 ;--------------------------------------------------------
                                    260 ; external ram data
                                    261 ;--------------------------------------------------------
                                    262 	.area XSEG    (XDATA)
                                    263 ;--------------------------------------------------------
                                    264 ; absolute external ram data
                                    265 ;--------------------------------------------------------
                                    266 	.area XABS    (ABS,XDATA)
                                    267 ;--------------------------------------------------------
                                    268 ; external initialized ram data
                                    269 ;--------------------------------------------------------
                                    270 	.area XISEG   (XDATA)
                                    271 	.area HOME    (CODE)
                                    272 	.area GSINIT0 (CODE)
                                    273 	.area GSINIT1 (CODE)
                                    274 	.area GSINIT2 (CODE)
                                    275 	.area GSINIT3 (CODE)
                                    276 	.area GSINIT4 (CODE)
                                    277 	.area GSINIT5 (CODE)
                                    278 	.area GSINIT  (CODE)
                                    279 	.area GSFINAL (CODE)
                                    280 	.area CSEG    (CODE)
                                    281 ;--------------------------------------------------------
                                    282 ; interrupt vector
                                    283 ;--------------------------------------------------------
                                    284 	.area HOME    (CODE)
      000000                        285 __interrupt_vect:
      000000 02r00r00         [24]  286 	ljmp	__sdcc_gsinit_startup
                                    287 ;--------------------------------------------------------
                                    288 ; global & static initialisations
                                    289 ;--------------------------------------------------------
                                    290 	.area HOME    (CODE)
                                    291 	.area GSINIT  (CODE)
                                    292 	.area GSFINAL (CODE)
                                    293 	.area GSINIT  (CODE)
                                    294 	.globl __sdcc_gsinit_startup
                                    295 	.globl __sdcc_program_startup
                                    296 	.globl __start__stack
                                    297 	.globl __mcs51_genXINIT
                                    298 	.globl __mcs51_genXRAMCLEAR
                                    299 	.globl __mcs51_genRAMCLEAR
                                    300 	.area GSFINAL (CODE)
      000000 02r00r03         [24]  301 	ljmp	__sdcc_program_startup
                                    302 ;--------------------------------------------------------
                                    303 ; Home
                                    304 ;--------------------------------------------------------
                                    305 	.area HOME    (CODE)
                                    306 	.area HOME    (CODE)
      000003                        307 __sdcc_program_startup:
      000003 02r00r00         [24]  308 	ljmp	_main
                                    309 ;	return from main will return to caller
                                    310 ;--------------------------------------------------------
                                    311 ; code
                                    312 ;--------------------------------------------------------
                                    313 	.area CSEG    (CODE)
                                    314 ;------------------------------------------------------------
                                    315 ;Allocation info for local variables in function 'main'
                                    316 ;------------------------------------------------------------
                                    317 ;	serial.c:7: int main(){
                                    318 ;	-----------------------------------------
                                    319 ;	 function main
                                    320 ;	-----------------------------------------
      000000                        321 _main:
                           000007   322 	ar7 = 0x07
                           000006   323 	ar6 = 0x06
                           000005   324 	ar5 = 0x05
                           000004   325 	ar4 = 0x04
                           000003   326 	ar3 = 0x03
                           000002   327 	ar2 = 0x02
                           000001   328 	ar1 = 0x01
                           000000   329 	ar0 = 0x00
                                    330 ;	serial.c:8: serial_init();
      000000 12r00r0E         [24]  331 	lcall	_serial_init
                                    332 ;	serial.c:9: while(1)
      000003                        333 00102$:
                                    334 ;	serial.c:13: UART_receive();
      000003 12r00r3A         [24]  335 	lcall	_UART_receive
                                    336 ;	serial.c:14: delay(1000);
      000006 75 82 E8         [24]  337 	mov	dpl,#0xe8
      000009 12r00r1A         [24]  338 	lcall	_delay
                                    339 ;	serial.c:16: }
      00000C 80 F5            [24]  340 	sjmp	00102$
                                    341 ;------------------------------------------------------------
                                    342 ;Allocation info for local variables in function 'serial_init'
                                    343 ;------------------------------------------------------------
                                    344 ;	serial.c:17: void serial_init()
                                    345 ;	-----------------------------------------
                                    346 ;	 function serial_init
                                    347 ;	-----------------------------------------
      00000E                        348 _serial_init:
                                    349 ;	serial.c:19: TMOD=0x20;// set timer mode 1
      00000E 75 89 20         [24]  350 	mov	_TMOD,#0x20
                                    351 ;	serial.c:20: TH1=0xFD;//baud rate 9600
      000011 75 8D FD         [24]  352 	mov	_TH1,#0xfd
                                    353 ;	serial.c:21: SCON=0x50;// set the reception enable 0101 0000
      000014 75 98 50         [24]  354 	mov	_SCON,#0x50
                                    355 ;	serial.c:22: TR1=1;// start the timer 1
                                    356 ;	assignBit
      000017 D2 8E            [12]  357 	setb	_TR1
                                    358 ;	serial.c:23: }
      000019 22               [24]  359 	ret
                                    360 ;------------------------------------------------------------
                                    361 ;Allocation info for local variables in function 'delay'
                                    362 ;------------------------------------------------------------
                                    363 ;ms                        Allocated to registers r7 
                                    364 ;i                         Allocated to registers r6 
                                    365 ;j                         Allocated to registers r5 
                                    366 ;------------------------------------------------------------
                                    367 ;	serial.c:24: void delay(unsigned char ms){
                                    368 ;	-----------------------------------------
                                    369 ;	 function delay
                                    370 ;	-----------------------------------------
      00001A                        371 _delay:
      00001A AF 82            [24]  372 	mov	r7,dpl
                                    373 ;	serial.c:26: for(i=0;i<ms;i++)
      00001C 7E 00            [12]  374 	mov	r6,#0x00
      00001E                        375 00107$:
      00001E C3               [12]  376 	clr	c
      00001F EE               [12]  377 	mov	a,r6
      000020 9F               [12]  378 	subb	a,r7
      000021 50 0D            [24]  379 	jnc	00109$
                                    380 ;	serial.c:27: for(j=0;j<ms;j++);
      000023 7D 00            [12]  381 	mov	r5,#0x00
      000025                        382 00104$:
      000025 C3               [12]  383 	clr	c
      000026 ED               [12]  384 	mov	a,r5
      000027 9F               [12]  385 	subb	a,r7
      000028 50 03            [24]  386 	jnc	00108$
      00002A 0D               [12]  387 	inc	r5
      00002B 80 F8            [24]  388 	sjmp	00104$
      00002D                        389 00108$:
                                    390 ;	serial.c:26: for(i=0;i<ms;i++)
      00002D 0E               [12]  391 	inc	r6
      00002E 80 EE            [24]  392 	sjmp	00107$
      000030                        393 00109$:
                                    394 ;	serial.c:28: }
      000030 22               [24]  395 	ret
                                    396 ;------------------------------------------------------------
                                    397 ;Allocation info for local variables in function 'UART_transmit'
                                    398 ;------------------------------------------------------------
                                    399 ;character                 Allocated to registers 
                                    400 ;------------------------------------------------------------
                                    401 ;	serial.c:29: void UART_transmit(unsigned char character){
                                    402 ;	-----------------------------------------
                                    403 ;	 function UART_transmit
                                    404 ;	-----------------------------------------
      000031                        405 _UART_transmit:
      000031 85 82 99         [24]  406 	mov	_SBUF,dpl
                                    407 ;	serial.c:31: while(TI==0);
      000034                        408 00101$:
      000034 30 99 FD         [24]  409 	jnb	_TI,00101$
                                    410 ;	serial.c:32: T1=0;
                                    411 ;	assignBit
      000037 C2 B5            [12]  412 	clr	_T1
                                    413 ;	serial.c:33: }
      000039 22               [24]  414 	ret
                                    415 ;------------------------------------------------------------
                                    416 ;Allocation info for local variables in function 'UART_receive'
                                    417 ;------------------------------------------------------------
                                    418 ;	serial.c:34: void UART_receive(void){
                                    419 ;	-----------------------------------------
                                    420 ;	 function UART_receive
                                    421 ;	-----------------------------------------
      00003A                        422 _UART_receive:
                                    423 ;	serial.c:35: while(RI==0);
      00003A                        424 00101$:
      00003A 30 98 FD         [24]  425 	jnb	_RI,00101$
                                    426 ;	serial.c:36: rece=SBUF;
      00003D 85 99*00         [24]  427 	mov	_rece,_SBUF
                                    428 ;	serial.c:37: P1=rece;
      000040 85*00 90         [24]  429 	mov	_P1,_rece
                                    430 ;	serial.c:38: UART_transmit(rece);
      000043 85*00 82         [24]  431 	mov	dpl,_rece
      000046 12r00r31         [24]  432 	lcall	_UART_transmit
                                    433 ;	serial.c:39: RI=0;
                                    434 ;	assignBit
      000049 C2 98            [12]  435 	clr	_RI
                                    436 ;	serial.c:40: }
      00004B 22               [24]  437 	ret
                                    438 	.area CSEG    (CODE)
                                    439 	.area CONST   (CODE)
                                    440 	.area XINIT   (CODE)
                                    441 	.area CABS    (ABS,CODE)
